. ckan/tests/logic/auth/test_create.py::test_anon_cant_create
. ckan/tests/logic/auth/test_create.py::test_anon_can_create
. ckan/tests/logic/auth/test_create.py::test_cdnio_overrides_acd
. ckan/tests/logic/auth/test_create.py::test_cud_overrides_acd
. ckan/tests/logic/auth/test_create.py::TestRealUsersAuth::test_no_org_user_can_create
. ckan/tests/logic/auth/test_create.py::TestRealUsersAuth::test_no_org_user_cant_create_if_cdnio_false
. ckan/tests/logic/auth/test_create.py::TestRealUsersAuth::test_no_org_user_cant_create_if_cud_false
. ckan/tests/logic/auth/test_create.py::TestRealUsersAuth::test_same_org_user_can_create
. ckan/tests/logic/auth/test_create.py::TestRealUsersAuth::test_different_org_user_cant_create
. ckan/tests/logic/auth/test_create.py::TestRealUsersAuth::test_user_invite_delegates_correctly_to_group_member_create
. ckan/tests/logic/auth/test_create.py::TestRealUsersAuth::test_authorized_if_user_has_permissions_on_dataset
. ckan/tests/logic/auth/test_create.py::TestRealUsersAuth::test_not_authorized_if_user_has_no_permissions_on_dataset
. ckan/tests/logic/auth/test_create.py::TestRealUsersAuth::test_not_authorized_if_not_logged_in_3
. ckan/tests/logic/auth/test_create.py::TestRealUsersAuth::test_authorized_if_user_has_permissions_on_dataset_3
. ckan/tests/logic/auth/test_create.py::TestRealUsersAuth::test_not_authorized_if_user_has_no_permissions_on_dataset_2
. ckan/tests/logic/auth/test_create.py::TestRealUsersAuth::test_not_authorized_if_not_logged_in_2
. ckan/tests/logic/auth/test_create.py::TestRealUsersAuth::test_authorized_if_user_has_permissions_on_dataset_2
. ckan/tests/logic/auth/test_create.py::TestRealUsersAuth::test_not_authorized_if_user_has_no_permissions_on_dataset_3
. ckan/tests/logic/auth/test_create.py::TestRealUsersAuth::test_not_authorized_if_not_logged_in
. ckan/tests/logic/auth/test_create.py::TestRealUsersAuth::test_authorized_if_user_has_permissions_on_dataset_4
. ckan/tests/logic/auth/test_create.py::TestRealUsersAuth::test_not_authorized_if_user_has_no_permissions_on_dataset_4
. ckan/tests/logic/auth/test_create.py::TestRealUsersAuth::test_not_authorized_if_not_logged_in_4
. ckan/tests/logic/auth/test_create.py::TestRealUsersAuth::test_sysadmin_is_authorized
. ckan/tests/logic/auth/test_create.py::TestRealUsersAuth::test_raises_not_found_if_no_package_id_provided
. ckan/tests/logic/auth/test_create.py::TestRealUsersAuth::test_raises_not_found_if_dataset_was_not_found
. ckan/tests/logic/auth/test_create.py::TestRealUsersAuth::test_normal_user_cant_use_it
. ckan/tests/logic/auth/test_create.py::TestApiToken::test_anon_is_not_allowed_to_create_tokens
. ckan/tests/logic/auth/test_create.py::TestApiToken::test_auth_user_is_allowed_to_create_tokens
. ckan/tests/logic/auth/test_create.py::TestPackageMemberCreateAuth::test_create_org_admin_is_authorized
. ckan/tests/logic/auth/test_create.py::TestPackageMemberCreateAuth::test_create_org_editor_is_not_authorized
. ckan/tests/logic/auth/test_create.py::TestPackageMemberCreateAuth::test_create_org_member_is_not_authorized
. ckan/tests/logic/auth/test_create.py::TestPackageMemberCreateAuth::test_create_non_org_user_is_not_authorized
. ckan/tests/logic/auth/test_create.py::TestPackageMemberCreateAuth::test_create_org_admin_from_other_org_is_not_authorized
. ckan/tests/logic/auth/test_create.py::TestPackageMemberCreateAuth::test_create_missing_org_is_not_authorized
. ckan/tests/logic/auth/test_create.py::TestPackageMemberCreateAuth::test_create_collaborator_admin_is_authorized
. ckan/tests/logic/auth/test_create.py::TestPackageMemberCreateAuth::test_create_collaborator_editor_and_member_are_not_authorized[editor]
. ckan/tests/logic/auth/test_create.py::TestPackageMemberCreateAuth::test_create_collaborator_editor_and_member_are_not_authorized[member]
. ckan/tests/logic/auth/test_create.py::TestPackageMemberCreateAuth::test_create_unowned_datasets
. ckan/tests/logic/auth/test_create.py::TestUserCreate::test_sysadmin_can_create_via_api
. ckan/tests/logic/auth/test_create.py::TestUserCreate::test_anon_can_not_create_via_web
. ckan/tests/logic/auth/test_create.py::TestUserCreate::test_anon_cannot_create_via_api
. ckan/tests/logic/auth/test_create.py::TestUserCreate::test_anon_cannot_create_via_forbidden_web
. ckan/tests/logic/auth/test_create.py::TestUserCreate::test_anon_not_create_via_allowed_api
. ckan/tests/logic/auth/test_delete.py::TestDeleteAuth::test_anon_cant_delete
. ckan/tests/logic/auth/test_delete.py::TestDeleteAuth::test_no_org_user_cant_delete
. ckan/tests/logic/auth/test_delete.py::TestDeleteAuth::test_org_user_can_delete
. ckan/tests/logic/auth/test_delete.py::TestDeleteAuth::test_anon_cant_delete_2
. ckan/tests/logic/auth/test_delete.py::TestDeleteAuth::test_no_org_user_cant_delete_2
. ckan/tests/logic/auth/test_delete.py::TestDeleteAuth::test_org_user_can_delete_2
. ckan/tests/logic/auth/test_delete.py::test_anon_cant_clear
. ckan/tests/logic/auth/test_delete.py::test_normal_user_cant_clear
. ckan/tests/logic/auth/test_delete.py::test_sysadmin_user_can_clear
. ckan/tests/logic/auth/test_delete.py::TestApiToken::test_anon_is_not_allowed_to_revoke_tokens
. ckan/tests/logic/auth/test_delete.py::TestApiToken::test_auth_user_is_allowed_to_revoke_tokens
. ckan/tests/logic/auth/test_delete.py::TestApiToken::test_auth_user_is_allowed_to_revoke_unowned_tokens
. ckan/tests/logic/auth/test_delete.py::TestApiToken::test_auth_user_is_allowed_to_revoke_unexisting_tokens
. ckan/tests/logic/auth/test_delete.py::TestPackageMemberDeleteAuth::test_delete_org_admin_is_authorized
. ckan/tests/logic/auth/test_delete.py::TestPackageMemberDeleteAuth::test_delete_org_editor_is_not_authorized
. ckan/tests/logic/auth/test_delete.py::TestPackageMemberDeleteAuth::test_delete_org_member_is_not_authorized
. ckan/tests/logic/auth/test_delete.py::TestPackageMemberDeleteAuth::test_delete_org_admin_from_other_org_is_not_authorized
. ckan/tests/logic/auth/test_delete.py::TestPackageMemberDeleteAuth::test_delete_missing_org_is_not_authorized
. ckan/tests/logic/auth/test_delete.py::TestPackageMemberDeleteAuth::test_delete_collaborator_admin_is_authorized
. ckan/tests/logic/auth/test_delete.py::TestPackageMemberDeleteAuth::test_delete_collaborator_editor_and_member_are_not_authorized[editor]
. ckan/tests/logic/auth/test_delete.py::TestPackageMemberDeleteAuth::test_delete_collaborator_editor_and_member_are_not_authorized[member]
. ckan/tests/logic/auth/test_delete.py::TestPackageMemberDeleteAuth::test_delete_unowned_datasets
. ckan/tests/logic/auth/test_get.py::test_auth_user_list
. ckan/tests/logic/auth/test_get.py::test_authed_user_list
. ckan/tests/logic/auth/test_get.py::test_user_list_email_parameter
. ckan/tests/logic/auth/test_get.py::TestGetAuth::test_auth_user_show
. ckan/tests/logic/auth/test_get.py::TestGetAuth::test_authed_user_show
. ckan/tests/logic/auth/test_get.py::TestGetAuth::test_package_show__deleted_dataset_is_hidden_to_public
. ckan/tests/logic/auth/test_get.py::TestGetAuth::test_package_show__deleted_dataset_is_visible_to_editor
. ckan/tests/logic/auth/test_get.py::TestGetAuth::test_group_show__deleted_group_is_hidden_to_public
. ckan/tests/logic/auth/test_get.py::TestGetAuth::test_group_show__deleted_group_is_visible_to_its_member
. ckan/tests/logic/auth/test_get.py::TestGetAuth::test_group_show__deleted_org_is_visible_to_its_member
. ckan/tests/logic/auth/test_get.py::TestGetAuth::test_group_show__user_is_hidden_to_public
. ckan/tests/logic/auth/test_get.py::TestGetAuth::test_group_show__user_is_avail_to_public
. ckan/tests/logic/auth/test_get.py::TestGetAuth::test_config_option_show_anon_user
. ckan/tests/logic/auth/test_get.py::TestGetAuth::test_config_option_show_normal_user
. ckan/tests/logic/auth/test_get.py::TestGetAuth::test_config_option_show_sysadmin
. ckan/tests/logic/auth/test_get.py::TestGetAuth::test_config_option_list_anon_user
. ckan/tests/logic/auth/test_get.py::TestGetAuth::test_config_option_list_normal_user
. ckan/tests/logic/auth/test_get.py::TestGetAuth::test_config_option_list_sysadmin
. ckan/tests/logic/auth/test_get.py::TestGetAuth::test_config_option_public_activity_stream_detail_denied
. ckan/tests/logic/auth/test_get.py::TestGetAuth::test_config_option_public_activity_stream_detail
. ckan/tests/logic/auth/test_get.py::TestApiToken::test_anon_is_not_allowed_to_get_tokens
. ckan/tests/logic/auth/test_get.py::TestApiToken::test_auth_user_is_allowed_to_list_tokens
. ckan/tests/logic/auth/test_get.py::TestGetAuthWithCollaborators::test_dataset_show_private_editor
. ckan/tests/logic/auth/test_get.py::TestGetAuthWithCollaborators::test_dataset_show_private_member
. ckan/tests/logic/auth/test_get.py::TestGetAuthWithCollaborators::test_resource_show_private_editor
. ckan/tests/logic/auth/test_get.py::TestGetAuthWithCollaborators::test_resource_show_private_member
. ckan/tests/logic/auth/test_get.py::TestGetAuthWithCollaborators::test_resource_view_list_private_editor
. ckan/tests/logic/auth/test_get.py::TestGetAuthWithCollaborators::test_resource_view_list_private_member
. ckan/tests/logic/auth/test_get.py::TestGetAuthWithCollaborators::test_resource_view_show_private_editor
. ckan/tests/logic/auth/test_get.py::TestGetAuthWithCollaborators::test_resource_view_show_private_member
. ckan/tests/logic/auth/test_get.py::TestPackageMemberList::test_list_org_admin_is_authorized
. ckan/tests/logic/auth/test_get.py::TestPackageMemberList::test_list_org_editor_is_not_authorized
. ckan/tests/logic/auth/test_get.py::TestPackageMemberList::test_list_org_member_is_not_authorized
. ckan/tests/logic/auth/test_get.py::TestPackageMemberList::test_list_org_admin_from_other_org_is_not_authorized
. ckan/tests/logic/auth/test_get.py::TestPackageMemberList::test_list_collaborator_admin_is_authorized
. ckan/tests/logic/auth/test_get.py::TestPackageMemberList::test_list_collaborator_editor_and_member_are_not_authorized[editor]
. ckan/tests/logic/auth/test_get.py::TestPackageMemberList::test_list_collaborator_editor_and_member_are_not_authorized[member]
. ckan/tests/logic/auth/test_get.py::TestPackageMemberList::test_user_list_own_user_is_authorized
. ckan/tests/logic/auth/test_get.py::TestPackageMemberList::test_user_list_org_admin_is_not_authorized
. ckan/tests/logic/auth/test_get.py::TestPackageMemberList::test_user_list_org_editor_is_not_authorized
. ckan/tests/logic/auth/test_get.py::TestPackageMemberList::test_user_list_org_member_is_not_authorized
. ckan/tests/logic/auth/test_get.py::TestPackageMemberList::test_user_list_org_admin_from_other_org_is_not_authorized
. ckan/tests/logic/auth/test_get.py::TestPackageMemberList::test_list_unowned_datasets
. ckan/tests/logic/auth/test_get.py::TestAuthFunctions::test_anonymous_can_call_get_method[status_show]
. ckan/tests/logic/auth/test_get.py::TestAuthFunctions::test_anonymous_can_call_get_method[dataset_followee_count]
. ckan/tests/logic/auth/test_get.py::TestAuthFunctions::test_anonymous_can_call_get_method[group_followee_count]
. ckan/tests/logic/auth/test_get.py::TestAuthFunctions::test_anonymous_can_call_get_method[user_followee_count]
. ckan/tests/logic/auth/test_get.py::TestAuthFunctions::test_anonymous_can_call_get_method[followee_count]
. ckan/tests/logic/auth/test_get.py::TestAuthFunctions::test_anonymous_can_call_get_method[dataset_follower_count]
. ckan/tests/logic/auth/test_get.py::TestAuthFunctions::test_anonymous_can_call_get_method[group_follower_count]
. ckan/tests/logic/auth/test_get.py::TestAuthFunctions::test_anonymous_can_call_get_method[organization_follower_count]
. ckan/tests/logic/auth/test_get.py::TestAuthFunctions::test_anonymous_can_call_get_method[user_follower_count]
. ckan/tests/logic/auth/test_get.py::TestAuthFunctions::test_anonymous_can_call_get_method[am_following_dataset]
. ckan/tests/logic/auth/test_get.py::TestAuthFunctions::test_anonymous_can_call_get_method[am_following_group]
. ckan/tests/logic/auth/test_get.py::TestAuthFunctions::test_anonymous_can_call_get_method[am_following_user]
. ckan/tests/logic/auth/test_get.py::TestAuthFunctions::test_anonymous_can_call_get_method[group_package_show]
. ckan/tests/logic/auth/test_get.py::TestAuthFunctions::test_anonymous_can_call_get_method[member_list]
. ckan/tests/logic/auth/test_get.py::TestAuthFunctions::test_anonymous_can_call_get_method[resource_search]
. ckan/tests/logic/auth/test_get.py::TestAuthFunctions::test_anonymous_can_call_get_method[tag_search]
. ckan/tests/logic/auth/test_get.py::TestAuthFunctions::test_anonymous_can_call_get_method[term_translation_show]
. ckan/tests/logic/auth/test_get.py::TestAuthFunctions::test_anonymous_can_call_get_method[recently_changed_packages_activity_list]
. ckan/tests/logic/auth/test_init.py::test_get_package_object_in_context
. ckan/tests/logic/auth/test_init.py::test_get_resource_object_in_context
. ckan/tests/logic/auth/test_init.py::test_get_user_object_in_context
. ckan/tests/logic/auth/test_init.py::test_get_group_object_in_context
. ckan/tests/logic/auth/test_init.py::test_get_package_object_id_not_found
. ckan/tests/logic/auth/test_init.py::test_get_resource_object_id_not_found
. ckan/tests/logic/auth/test_init.py::test_get_user_object_id_not_found
. ckan/tests/logic/auth/test_init.py::test_get_group_object_id_not_found
. ckan/tests/logic/auth/test_init.py::test_get_package_object_id_none
. ckan/tests/logic/auth/test_init.py::test_get_resource_object_id_none
. ckan/tests/logic/auth/test_init.py::test_get_user_object_id_none
. ckan/tests/logic/auth/test_init.py::test_get_group_object_id_none
. ckan/tests/logic/auth/test_init.py::TestInit::test_get_package_object_with_id
. ckan/tests/logic/auth/test_init.py::TestInit::test_get_resource_object_with_id
. ckan/tests/logic/auth/test_init.py::TestInit::test_get_user_object_with_id
. ckan/tests/logic/auth/test_init.py::TestInit::test_get_group_object_with_id
. ckan/tests/logic/auth/test_update.py::test_user_update_visitor_cannot_update_user
. ckan/tests/logic/auth/test_update.py::test_user_update_user_cannot_update_another_user
. ckan/tests/logic/auth/test_update.py::test_user_update_user_can_update_her
. ckan/tests/logic/auth/test_update.py::test_user_update_with_no_user_in_context
. ckan/tests/logic/auth/test_update.py::test_user_generate_own_apikey
. ckan/tests/logic/auth/test_update.py::test_user_generate_apikey_without_logged_in_user
. ckan/tests/logic/auth/test_update.py::test_user_generate_apikey_for_another_user
. ckan/tests/logic/auth/test_update.py::TestUpdateWithView::test_anon_can_not_update
. ckan/tests/logic/auth/test_update.py::TestUpdateWithView::test_authorized_if_user_has_permissions_on_dataset
. ckan/tests/logic/auth/test_update.py::TestUpdateWithView::test_not_authorized_if_user_has_no_permissions_on_dataset
. ckan/tests/logic/auth/test_update.py::TestUpdate::test_config_option_update_anon_user
. ckan/tests/logic/auth/test_update.py::TestUpdate::test_config_option_update_normal_user
. ckan/tests/logic/auth/test_update.py::TestUpdate::test_config_option_update_sysadmin
. ckan/tests/logic/auth/test_update.py::TestUpdateAuthWithCollaborators::test_dataset_manage_admin_and_editors[admin-package_update-False]
. ckan/tests/logic/auth/test_update.py::TestUpdateAuthWithCollaborators::test_dataset_manage_admin_and_editors[editor-package_update-False]
. ckan/tests/logic/auth/test_update.py::TestUpdateAuthWithCollaborators::test_dataset_manage_admin_and_editors[admin-package_update-True]
. ckan/tests/logic/auth/test_update.py::TestUpdateAuthWithCollaborators::test_dataset_manage_admin_and_editors[editor-package_update-True]
. ckan/tests/logic/auth/test_update.py::TestUpdateAuthWithCollaborators::test_dataset_manage_admin_and_editors[admin-package_delete-False]
. ckan/tests/logic/auth/test_update.py::TestUpdateAuthWithCollaborators::test_dataset_manage_admin_and_editors[editor-package_delete-False]
. ckan/tests/logic/auth/test_update.py::TestUpdateAuthWithCollaborators::test_dataset_manage_admin_and_editors[admin-package_delete-True]
. ckan/tests/logic/auth/test_update.py::TestUpdateAuthWithCollaborators::test_dataset_manage_admin_and_editors[editor-package_delete-True]
. ckan/tests/logic/auth/test_update.py::TestUpdateAuthWithCollaborators::test_dataset_manage_member[package_update-False0]
. ckan/tests/logic/auth/test_update.py::TestUpdateAuthWithCollaborators::test_dataset_manage_member[package_update-False1]
. ckan/tests/logic/auth/test_update.py::TestUpdateAuthWithCollaborators::test_dataset_manage_member[package_update-True0]
. ckan/tests/logic/auth/test_update.py::TestUpdateAuthWithCollaborators::test_dataset_manage_member[package_update-True1]
. ckan/tests/logic/auth/test_update.py::TestUpdateAuthWithCollaborators::test_dataset_manage_member[package_delete-False0]
. ckan/tests/logic/auth/test_update.py::TestUpdateAuthWithCollaborators::test_dataset_manage_member[package_delete-False1]
. ckan/tests/logic/auth/test_update.py::TestUpdateAuthWithCollaborators::test_dataset_manage_member[package_delete-True0]
. ckan/tests/logic/auth/test_update.py::TestUpdateAuthWithCollaborators::test_dataset_manage_member[package_delete-True1]
. ckan/tests/logic/auth/test_update.py::TestUpdateAuthWithCollaborators::test_resource_create_public_admin_and_editor[admin]
. ckan/tests/logic/auth/test_update.py::TestUpdateAuthWithCollaborators::test_resource_create_public_admin_and_editor[editor]
. ckan/tests/logic/auth/test_update.py::TestUpdateAuthWithCollaborators::test_resource_create_public_member
. ckan/tests/logic/auth/test_update.py::TestUpdateAuthWithCollaborators::test_resource_manage_public_admin_and_editor[admin-resource_update]
. ckan/tests/logic/auth/test_update.py::TestUpdateAuthWithCollaborators::test_resource_manage_public_admin_and_editor[editor-resource_update]
. ckan/tests/logic/auth/test_update.py::TestUpdateAuthWithCollaborators::test_resource_manage_public_admin_and_editor[admin-resource_delete]
. ckan/tests/logic/auth/test_update.py::TestUpdateAuthWithCollaborators::test_resource_manage_public_admin_and_editor[editor-resource_delete]
. ckan/tests/logic/auth/test_update.py::TestUpdateAuthWithCollaborators::test_resource_update_public_member
. ckan/tests/logic/auth/test_update.py::TestUpdateAuthWithCollaborators::test_resource_delete_public_member
. ckan/tests/logic/auth/test_update.py::TestUpdateAuthWithCollaborators::test_resource_view_create_public_editor[admin]
. ckan/tests/logic/auth/test_update.py::TestUpdateAuthWithCollaborators::test_resource_view_create_public_editor[editor]
. ckan/tests/logic/auth/test_update.py::TestUpdateAuthWithCollaborators::test_resource_view_create_public_member
